// Jest Snapshot v1, https://goo.gl/fbAQLP

exports[`SearchInput.vue state messages any: should display the correct state message 1`] = `
Wrapper {
  "selector": ".stateMsg",
}
`;

exports[`SearchInput.vue state messages error: should display the correct state message 1`] = `
Wrapper {
  "selector": ".stateMsg",
}
`;

exports[`SearchInput.vue state messages no-token: should display the correct state message 1`] = `
Wrapper {
  "selector": ".stateMsg",
}
`;

exports[`SearchInput.vue work packages select search list should display correct options list of search results 1`] = `
{
  "isLinkPreviews": false,
  "isSmartPicker": false,
  "workpackage": {
    "assignee": "test",
    "fileId": 1234,
    "id": "1",
    "picture": "/server/index.php/apps/integration_openproject/avatar?userId=1&userName=System",
    "project": "test",
    "projectId": "15",
    "statusCol": "blue",
    "statusTitle": "in-progress",
    "subject": "Organize work-packages",
    "typeCol": "red",
    "typeTitle": "task",
  },
}
`;

exports[`SearchInput.vue work packages select search list should not be displayed if the search results is empty 1`] = `
Wrapper {
  "selector": "[role="listbox"]",
}
`;

exports[`SearchInput.vue work packages select search list should only use the options from the latest search response 1`] = `
{
  "isLinkPreviews": false,
  "isSmartPicker": false,
  "workpackage": {
    "assignee": "some assignee",
    "fileId": 111,
    "id": 1,
    "picture": "http://localhost/apps/integration_openproject/api/v1/avatar?userId=&userName=some%20assignee",
    "project": "some project",
    "projectId": "",
    "statusCol": "",
    "statusTitle": "some status",
    "subject": "some subject",
    "typeCol": "",
    "typeTitle": "some type",
  },
}
`;
